title
"Number of Users: Active: by Resource"
parameters

start,end
2021-01-12,2021-01-12
---------
Day,"[styx] Number of Users: Active"
2021-01-12,2
---------
