title
"Number of Sessions"
parameters

start,end
2021-01-12,2021-01-12
---------
Day,"[Screwdriver] Number of Sessions"
2021-01-12,6
---------
