title
"Number of Sessions"
parameters

start,end
2021-01-12,2021-01-12
---------
Month,"[Screwdriver] Number of Sessions"
2021-01,6
---------
