title
"Number of Sessions"
parameters

start,end
2021-01-12,2021-01-12
---------
Quarter,"[Screwdriver] Number of Sessions"
"2021 Q1",6
---------
