title
"Number of Sessions: by Resource"
parameters

start,end
2021-01-12,2021-01-12
---------
Day,"[styx] Number of Sessions"
2021-01-12,6
---------
