title
"Number of Apps: Active: by OnDemand Application"
parameters

start,end
2021-01-12,2021-01-12
---------
Quarter,"[sys/bc_desktop/hpc (sys/ihpc)] Number of Apps: Active","[sys/dashboard] Number of Apps: Active","[sys/jupyter (sys/ihpc)] Number of Apps: Active","[sys/myjobs] Number of Apps: Active"
"2021 Q1",1,1,1,1
---------
