title
"Number of Users: Active"
parameters

start,end
2021-01-12,2021-01-12
---------
Month,"[Screwdriver] Number of Users: Active"
2021-01,2
---------
