title
"Number of Users: Active"
parameters

start,end
2021-01-12,2021-01-12
---------
Quarter,"[Screwdriver] Number of Users: Active"
"2021 Q1",2
---------
