title
"Number of Sessions: by OnDemand Username"
parameters

start,end
2021-01-12,2021-01-12
---------
Quarter,"[hpcadmin] Number of Sessions","[sfoster] Number of Sessions"
"2021 Q1",4,2
---------
