title
"Number of Sessions: by OnDemand Username"
parameters

start,end
2021-01-12,2021-01-12
---------
Month,"[hpcadmin] Number of Sessions","[sfoster] Number of Sessions"
2021-01,4,2
---------
