title
"Number of Page Loads: by OnDemand Username"
parameters

start,end
2021-01-12,2021-01-12
---------
Quarter,"[hpcadmin] Number of Page Loads","[sfoster] Number of Page Loads"
"2021 Q1",592,542
---------
