title
"Number of Page Loads: by OnDemand Username"
parameters

start,end
2021-01-12,2021-01-12
---------
Month,"[hpcadmin] Number of Page Loads","[sfoster] Number of Page Loads"
2021-01,592,542
---------
