title
"Number of Sessions: Per User: by Operating System"
parameters

start,end
2021-01-12,2021-01-12
---------
Year,"[Mac OS X] Number of Sessions: Per User"
2021,3.0000
---------
