title
"Number of Sessions: Per User: by Operating System"
parameters

start,end
2021-01-12,2021-01-12
---------
Quarter,"[Mac OS X] Number of Sessions: Per User"
"2021 Q1",3.0000
---------
