title
"Number of Users: Active: by User"
parameters

start,end
2021-01-12,2021-01-12
---------
Day,"[Unknown] Number of Users: Active"
2021-01-12,2
---------
