title
"Number of Sessions: by User"
parameters

start,end
2021-01-12,2021-01-12
---------
Quarter,"[Unknown] Number of Sessions"
"2021 Q1",6
---------
