title
"Number of Apps: Active"
parameters

start,end
2021-01-12,2021-01-12
---------
Quarter,"[Screwdriver] Number of Apps: Active"
"2021 Q1",4
---------
