title
"Number of Apps: Active: by Browser"
parameters

start,end
2021-01-12,2021-01-12
---------
Year,"[Chrome] Number of Apps: Active","[Firefox] Number of Apps: Active"
2021,4,2
---------
