title
"Number of Sessions: Per User: by User"
parameters

start,end
2021-01-12,2021-01-12
---------
Month,"[Unknown] Number of Sessions: Per User"
2021-01,3.0000
---------
