title
"Number of Apps: Active: by OnDemand Username"
parameters

start,end
2021-01-12,2021-01-12
---------
Quarter,"[hpcadmin] Number of Apps: Active","[sfoster] Number of Apps: Active"
"2021 Q1",4,2
---------
