title
"Number of Sessions: by Browser"
parameters

start,end
2021-01-12,2021-01-12
---------
Day,"[Chrome] Number of Sessions","[Firefox] Number of Sessions"
2021-01-12,4,2
---------
