title
"Number of Page Loads: by OnDemand Application"
parameters

start,end
2021-01-12,2021-01-12
---------
Month,"[sys/dashboard] Number of Page Loads","[sys/myjobs] Number of Page Loads","[sys/jupyter (sys/ihpc)] Number of Page Loads","[sys/bc_desktop/hpc (sys/ihpc)] Number of Page Loads"
2021-01,1109,17,6,2
---------
