title
"Number of Users: Active: by OnDemand Application"
parameters

start,end
2021-01-12,2021-01-12
---------
Day,"[sys/dashboard] Number of Users: Active","[sys/jupyter (sys/ihpc)] Number of Users: Active","[sys/bc_desktop/hpc (sys/ihpc)] Number of Users: Active","[sys/myjobs] Number of Users: Active"
2021-01-12,2,2,1,1
---------
