title
"Number of Page Loads: by User"
parameters

start,end
2021-01-12,2021-01-12
---------
Month,"[Unknown] Number of Page Loads"
2021-01,1134
---------
