title
"Number of Sessions: by Operating System"
parameters

start,end
2021-01-12,2021-01-12
---------
Month,"[Mac OS X] Number of Sessions"
2021-01,6
---------
