title
"Number of Page Loads: by Operating System"
parameters

start,end
2021-01-12,2021-01-12
---------
Day,"[Mac OS X] Number of Page Loads"
2021-01-12,1134
---------
