title
"Number of Page Loads: by Browser"
parameters

start,end
2021-01-12,2021-01-12
---------
Year,"[Chrome] Number of Page Loads","[Firefox] Number of Page Loads"
2021,592,542
---------
