title
"Number of Users: Active: by Browser"
parameters

start,end
2021-01-12,2021-01-12
---------
Year,"[Chrome] Number of Users: Active","[Firefox] Number of Users: Active"
2021,1,1
---------
