title
"Number of Sessions: Per User: by Location"
parameters

start,end
2021-01-12,2021-01-12
---------
Year,"[Unknown] Number of Sessions: Per User"
2021,3.0000
---------
