title
"Number of Sessions: Per User: by Resource"
parameters

start,end
2021-01-12,2021-01-12
---------
Resource,"Number of Sessions: Per User"
styx,3.0000
---------
