title
"Number of Sessions: Per User: by Resource"
parameters

start,end
2021-01-12,2021-01-12
---------
Year,"[styx] Number of Sessions: Per User"
2021,3.0000
---------
