title
"Number of Apps: Active: by Resource"
parameters

start,end
2021-01-12,2021-01-12
---------
Resource,"Number of Apps: Active"
styx,4
---------
