title
"Number of Apps: Active: by Resource"
parameters

start,end
2021-01-12,2021-01-12
---------
Month,"[styx] Number of Apps: Active"
2021-01,4
---------
