title
"Number of Users: Active: by OnDemand Username"
parameters

start,end
2021-01-12,2021-01-12
---------
"OnDemand Username","Number of Users: Active"
hpcadmin,1
sfoster,1
---------
