title
"Number of Users: Active: by OnDemand Username"
parameters

start,end
2021-01-12,2021-01-12
---------
Year,"[hpcadmin] Number of Users: Active","[sfoster] Number of Users: Active"
2021,1,1
---------
