title
"Number of Sessions: by Location"
parameters

start,end
2021-01-12,2021-01-12
---------
Month,"[Unknown] Number of Sessions"
2021-01,6
---------
