title
"Number of Page Loads: by Location"
parameters

start,end
2021-01-12,2021-01-12
---------
Year,"[Unknown] Number of Page Loads"
2021,1134
---------
