title
"Number of Page Loads: by Resource"
parameters

start,end
2021-01-12,2021-01-12
---------
Month,"[styx] Number of Page Loads"
2021-01,1134
---------
